(5Z,13E)-(15S)-9alpha,11alpha,15-trihydroxyprosta-5,13-dienoate = 2 hits
L-dihydroanticapsin = 1 hits
D-galactaro-1,5-lactone = 1 hits
retinal = 1 hits
H+ 2-aminomalonate semialdehyde = 1 hits
1-deoxy-11beta-hydroxypentalenate = 1 hits
3-hydroxy-2-methylpropanoate = 1 hits
(3R,4R)-4'-methoxyisoflavan-2',4,7-triol = 1 hits
(15S)-15-hydroxy-5,8,11-cis-13-trans-icosatetraenoate = 1 hits
diethyl (2R,3R)-2-methyl-3-hydroxysuccinate = 1 hits
ketone = 1 hits
benzyl 	2-methyl-3-oxobutanoate = 1 hits
2-(glutathione-S-yl)-2-methylbut-3-en-1-ol = 1 hits
hexadecanol = 1 hits
UDP-N-acetyl-alpha-D-mannosamine = 1 hits
D-glucurono-3,6-lactone = 1 hits
CDP-4-dehydro-3,6-dideoxy-alpha-D-glucose = 2 hits
eugenol = 1 hits
S-formylglutathione = 1 hits
cinnamaldehyde = 1 hits
UDP-2-acetamido-2-deoxy-alpha-D-ribo-hex-3-uluronate = 1 hits
codeine = 1 hits
methanol = 1 hits
3,4-dihydroxy-2-methyl-4-[(2E,6E)-farnesyl]-3,4-dihydroquinoline 	1-oxide = 1 hits
(-)-camphor = 1 hits
(2R)-3-sulfolactate = 1 hits
(S)-usnate = 1 hits
3-deacetyl-3-(1-hydroxyethyl)bacteriochlorophyllide a = 1 hits
CO2 = 20 hits
(2R,3R)-dihydroflavonol = 1 hits
GDP-6-deoxy-alpha-D-talose = 1 hits
4-hydroxy-2-butynal = 1 hits
D-arabinono-1,4-lactone = 2 hits
L-galactose = 1 hits
(+)-thujan-3-ol = 1 hits
H+ L-2-amino-3-oxobutanoate = 1 hits
3-sulfopyruvate = 2 hits
D-ribulose 5-phosphate = 4 hits
(R)-mevalonate = 3 hits
H+ D-arabinitol = 1 hits
H+ 4-phospho-D-erythronate = 1 hits
(R)-benzoin = 1 hits
N-acetyl-alpha-D-glucosamine = 1 hits
menth-8-en-2-one = 1 hits
perillyl alcohol = 1 hits
chanoclavine-I aldehyde = 1 hits
(1R,2S)-1-hydroxybutane-1,2,4-tricarboxylate = 1 hits
6-hydroxyhexanoate = 1 hits
sn-glycerol 3-phosphate = 1 hits
3,3'-bipyridine-2,2',5,5',6,6'-hexol = 1 hits
8-oxocoformycin = 1 hits
(3R)-3-hydroxy-2-oxo-4-phosphonooxybutanoate = 1 hits
2,4-didehydro-3-deoxy-L-rhamnonate = 1 hits
D-erythronate = 1 hits
GDP-4-dehydro-3,6-dideoxy-alpha-D-mannose = 1 hits
1,5-anhydro-D-glucitol = 1 hits
pseudotropine = 1 hits
L-erythro-7,8-dihydrobiopterin = 1 hits
hydroxypyruvate = 1 hits
(R)-lactate = 1 hits
3-dehydro-4-phospho-L-threonate = 1 hits
L-threonine = 1 hits
2-C-methyl-D-erythritol 4-phosphate = 1 hits
mevaldate = 2 hits
a long-chain alcohol = 1 hits
a (2R,3S,4S)-leucoanthocyanidin = 1 hits
coformycin = 1 hits
(5Z,13E)-(15S)-11alpha,15-dihydroxy-9-oxoprosta-5,13-dienoate = 1 hits
D-fructose 6-phosphate = 2 hits
a 3alpha-hydroxy bile acid CoA ester = 1 hits
dTDP-4-dehydro-2,6-dideoxy-alpha-D-glucose = 1 hits
a long-chain (S)-3-hydroxyacyl-CoA = 1 hits
(2E,6E)-farnesal = 2 hits
tropine = 1 hits
H+ 3-dehydro-4-phospho-L-threonate = 1 hits
UDP-N-acetyl-2-amino-2-deoxy-alpha-D-glucuronate = 1 hits
L-threonate = 1 hits
D-glyceraldehyde 3-phosphate = 1 hits
D-glycerate = 1 hits
D-threitol = 2 hits
(R)-ipsdienol = 1 hits
L-quinate = 2 hits
L-gulonate = 2 hits
5-O-methyl-myo-inositol = 1 hits
D-xylulose 5-phosphate = 1 hits
4-formylbenzenesulfonate = 1 hits
5-amino-6-(5-phospho-D-ribitylamino)uracil = 1 hits
vellosimine = 1 hits
15-oxo-5,8,11-cis-13-trans-icosatetraenoate = 1 hits
germacra-1(10),4,11(13)-trien-12-oate = 2 hits
1-palmitoylglycerol 3-phosphate = 1 hits
oxomalonate = 1 hits
GDP-beta-L-colitose = 1 hits
H+ (6E)-8-hydroxygeraniol = 2 hits
all-trans-retinol-[cellular-retinol-binding-protein] = 1 hits
cyclopentanol = 1 hits
morphine = 1 hits
1,5-anhydro-D-mannitol = 1 hits
codeinone = 1 hits
6-deoxy-6-sulfo-D-glucono-1,5-lactone = 1 hits
L-glyceraldehyde = 1 hits
(R)-3-hydroxybutanoate = 1 hits
L-histidine = 1 hits
(2S)-2-amino-3-oxo-4-phosphonooxybutanoate = 1 hits
momilactone A = 1 hits
(6E)-8-oxogeranial = 3 hits
a 16alpha-hydroxysteroid = 1 hits
scyllo-inositol = 2 hits
4-oxocyclohexanecarboxylate = 1 hits
1-deoxy-11-oxopentalenate = 1 hits
D-mannose = 1 hits
4-carboxy-2-hydroxymuconate semialdehyde hemiacetal = 1 hits
L-arabinitol = 2 hits
oxalureate = 1 hits
5-exo-hydroxycamphor = 1 hits
indan-1-ol = 1 hits
an (R)-2-hydroxycarboxylate = 2 hits
glycolate = 1 hits
D-altritol = 1 hits
IMP = 1 hits
salutaridinol = 1 hits
(5Z,13E)-(15S)-6,9alpha-epoxy-11alpha,15-dihydroxyprosta-5,13-dienoate = 1 hits
(6R)-2-acetyl-6-(3-acetyl-2,4 	6-trihydroxy-5-methylphenyl)-3-hydroxy-6-methyl-2,4-cyclohexadien-1-one = 1 hits
3-oxoacyl-[acyl-carrier protein] = 2 hits
D-fructuronate = 1 hits
2-dehydropantoate = 1 hits
GDP-D-mannuronate = 1 hits
aklavinone = 1 hits
UDP-alpha-D-glucose = 1 hits
4-hydroxy-2-methyl-3-oxo-4-[(2E,6E)-farnesyl]-3,4-dihydroquinoline 	1-oxide = 1 hits
D-xylono-1,5-lactone = 1 hits
L-xylulose = 2 hits
16-oxosteroid = 1 hits
ecgonine methyl ester = 1 hits
a 3beta-hydroxysteroid = 1 hits
2,3-dihydroxypropane-1-sulfonate = 1 hits
(S)-malate = 5 hits
UDP-beta-L-threo-pentapyranos-4-ulose = 1 hits
aurachin B = 1 hits
(-)-matairesinol = 1 hits
2D-2,3,5/4,6-pentahydroxycyclohexanone = 1 hits
coniferyl acetate = 1 hits
2'-dehydrokanamycin A = 1 hits
3beta-hydroxy-5beta-pregnane-20-one = 1 hits
dTDP-3,4-didehydro-2,6-dideoxy-alpha-D-glucose = 1 hits
(indol-3-yl)lactate = 1 hits
D-glucose 6-phosphate = 4 hits
ethyl 3-oxohexanoate = 2 hits
2-dehydro-D-gluconate = 2 hits
N-acyl-D-mannosamine = 1 hits
3-oxo-DELTA5-steroid = 1 hits
1D-chiro-inositol = 1 hits
cholest-5-ene-3beta,7alpha-diol = 1 hits
xylitol = 4 hits
S-(hydroxymethyl)mycothiol = 1 hits
(indol-3-yl)ethanol = 2 hits
D-xylulose = 2 hits
CDP-alpha-D-paratose = 1 hits
(S)-carnitine = 1 hits
(5Z,13E)-(15S)-9alpha,15-dihydroxy-11-oxoprosta-5,13-dienoate = 2 hits
2-aminoacetaldehyde = 4 hits
dTDP-4-dehydro-6-deoxy-alpha-D-glucose = 1 hits
retinol = 1 hits
2-(R)-hydroxypropyl-CoM = 1 hits
pregnan-21-ol = 2 hits
H+ 2-(glutathione-S-yl)-2-methylbut-3-enal = 1 hits
(S)-3-(imidazol-5-yl)lactate = 1 hits
(6S,9R)-6-hydroxy-3-oxo-alpha-ionol = 1 hits
D-sorbose = 1 hits
L-tagatose 6-phosphate = 1 hits
2D-5-O-methyl-2,3,5/4,6-pentahydroxycyclohexanone = 2 hits
bornane-2,5-dione = 1 hits
a secondary alcohol = 1 hits
D-arabinose = 2 hits
pyridoxal = 1 hits
germacra-1(10),4,11(13)-trien-12-ol = 1 hits
5-amino-6-(5-phospho-D-ribosylamino)uracil = 1 hits
UDP-2-acetamido-2,6-dideoxy-beta-L-talose = 1 hits
L-galactono-1,4-lactone = 1 hits
3-dehydro-L-threonate = 1 hits
chlordecone alcohol = 1 hits
(+/-)-5-[(tert-butylamino)-2'-hydroxypropoxy]-1,2,3 	4-tetrahydro-1-naphthol = 1 hits
D-aldonolactone = 1 hits
(S)-benzoin = 1 hits
D-apiitol = 1 hits
(S)-3-hydroxyacyl-CoA = 1 hits
H+ 4-phospho-D-threonate = 1 hits
2-dehydro-L-gulonate = 1 hits
testosterone = 1 hits
(+)-neomenthol = 1 hits
6-lactoyl-5,6,7,8-tetrahydropterin = 1 hits
(2S,3S)-3-hydroxy-2-methylbutanoyl-CoA = 1 hits
11-cis-retinol-[retinal-binding-protein] = 1 hits
2-(S)-hydroxypropyl-CoM = 1 hits
alditol = 1 hits
H+ germacra-1(10),4,11(13)-trien-12-al = 1 hits
geraniol = 2 hits
S-(hydroxymethyl)glutathione = 1 hits
H+ L-allo-threonine = 1 hits
3-hydroxypimeloyl-CoA = 1 hits
6-phospho-D-glucono-1,5-lactone = 2 hits
(R)-3-sulfolactate = 1 hits
dTDP-6-deoxy-beta-L-talose = 3 hits
3-hydroxypropanoate = 1 hits
geranial = 2 hits
(R)-2,3-dihydroxypropane-1-sulfonate = 1 hits
(+)-(S)-carvone = 1 hits
3alpha,12alpha-dihydroxy-7-oxo-5beta-cholan-24-oate = 1 hits
D-apiose = 1 hits
D-glucose = 2 hits
1D-3-O-methyl-chiro-inositol = 1 hits
(6E)-8-hydroxygeranial = 1 hits
pregnan-21-al = 2 hits
(5Z,13E)-11alpha-hydroxy-9,15-dioxoprost-5,13-dienoate = 1 hits
oxalurate = 1 hits
D-mannuronate = 1 hits
3-deoxy-D-glycero-2,5-hexodiulosonate = 1 hits
2,5-didehydro-D-gluconate = 2 hits
(S)-3-hydroxy-3-methylglutaryl-CoA = 1 hits
D-xylose = 5 hits
L-iditol = 1 hits
aldose = 1 hits
3-dehydro-4-phospho-D-erythronate = 1 hits
morphinone = 1 hits
GDP-alpha-D-rhamnose = 2 hits
(4S,5S)-4,5-dihydroxy-2,6-dioxohexanoate = 1 hits
galactitol = 3 hits
H+ (1S,2S,4R)-menth-8-ene-1,2-diol = 1 hits
L-threo-7,8-dihydrobiopterin = 1 hits
(-)-endo-fenchol = 1 hits
versicolorone = 1 hits
androsterone = 1 hits
UDP-2-acetamido-2-deoxy-alpha-D-glucuronate = 1 hits
shikimate = 3 hits
D-erythritol 1-phosphate = 1 hits
H+ versiconol = 1 hits
3-acetoacetyl-CoA = 1 hits
(S)-1-phenylethanol = 1 hits
3-oxoglycyrrhetinate = 1 hits
3-amino-2,3-dideoxy-scyllo-inosose = 1 hits
diethyl 	2-methyl-3-oxosuccinate = 1 hits
carnitine = 1 hits
(-)-isopiperitenone = 1 hits
2-sulfoacetaldehyde = 1 hits
N-acyl-D-mannosaminolactone = 1 hits
D-galactono-1,5-lactone = 2 hits
an aldopyranose = 1 hits
(6E)-8-oxogeraniol = 1 hits
(+)-camphor = 1 hits
(R)-acetoin = 2 hits
estrone = 1 hits
2-dehydro-D-erythronate = 1 hits
(1S,3R,4S)-3,4-dihydroxycyclohexane-1-carboxylate = 1 hits
sphinganine = 1 hits
3alpha,7alpha-dihydroxy-12-oxo-5beta-cholan-24-oate = 2 hits
(R)-2-hydroxyglutarate = 1 hits
myo-inositol = 1 hits
(-)-borneol = 1 hits
2-(glutathione-S-yl)-2-methylbut-3-enoate = 2 hits
L-serine = 4 hits
fluoren-9-one = 1 hits
2-formylglutarate = 1 hits
2,5-diamino-6-(5-phospho-D-ribitylamino)pyrimidin-4(3H)-one = 1 hits
3-dehydro-2-deoxy-D-gluconate = 1 hits
3-oxoacyl-CoA = 2 hits
UDP-N-acetyl-alpha-D-glucosamine = 2 hits
10-deoxysarpagine = 1 hits
1,5-anhydro-D-fructose = 2 hits
glycerone phosphate = 5 hits
an 11beta-hydroxysteroid = 1 hits
tropinone = 2 hits
a primary alcohol = 2 hits
L-anticapsin = 1 hits
17alpha,20alpha-dihydroxypregn-4-en-3-one = 1 hits
3-oxosteroid = 4 hits
chanoclavine-I = 1 hits
a 7beta-hydroxysteroid = 1 hits
CDP-alpha-D-abequose = 1 hits
3-(4-hydroxyphenyl)lactate = 1 hits
isocitrate = 2 hits
formaldehyde = 1 hits
(3R)-vestitone = 1 hits
D-glucono-1,5-lactone = 3 hits
germacra-1(10),4,11(13)-trien-12-al = 1 hits
2-dehydro-3-deoxy-L-galactonate = 1 hits
NAD(P)H = 54 hits
long-chain 3-oxoacyl-CoA = 1 hits
(5Z,13E)-9alpha-hydroxy-11,15-dioxoprosta-5,13-dienoate = 1 hits
dTDP-6-deoxy-alpha-D-allose = 1 hits
dTDP-D-galacturonate = 1 hits
(+)-fenchone = 1 hits
5alpha-androstane-3,17-dione = 1 hits
(5Z,13E,15S)-11alpha,15-dihydroxy-9-oxoprost-5,13-dienoate = 1 hits
4-oxoproline = 1 hits
propane-1,3-diol = 1 hits
2,3,5,6-tetrachlorohydroquinone = 1 hits
ipsdienone = 1 hits
norsolorinic acid = 1 hits
(R)-3-(indol-3-yl)-2-oxobutanoate = 1 hits
2-oxo-2H-pyran-4,6-dicarboxylate = 1 hits
5beta-pregnan-3,20-dione = 1 hits
(R)-mandelate = 1 hits
(2S)-flavanone = 1 hits
L-homoserine = 1 hits
H+ 2-(glutathione-S-yl)-2-methylbut-3-en-1-ol = 1 hits
2-dehydropantolactone = 3 hits
perakine = 1 hits
androstenedione = 1 hits
D-erythrulose = 2 hits
menth-8-ene-1,2-diol = 1 hits
(R)-pantoate = 2 hits
isolithocholate = 2 hits
(R)-3-hydroxyacyl-CoA = 1 hits
10-hydroxy-alpha-humulene = 1 hits
beta-D-galacturonate = 1 hits
a D-threo-aldose = 1 hits
1,3,6,8-tetrahydroxynaphthalene = 1 hits
5'-oxoaverantin = 2 hits
L-idonate = 2 hits
(2S)-flavan-4-ol = 1 hits
2-methylpropane-1,2-diol = 1 hits
(13E)-(15S)-11alpha,15-dihydroxy-9-oxoprost-13-enoate = 1 hits
bacteriochlorophyllide a = 1 hits
(R)-3-(4-hydroxyphenyl)lactate = 1 hits
D-tagatose = 3 hits
D-sorbitol 6-phosphate = 2 hits
sulfoquinovose = 1 hits
H+ versiconol acetate = 1 hits
L-rhamno-1,4-lactone = 1 hits
UDP-N-acetyl-alpha-D-mannosaminuronate = 1 hits
3-dehydro-L-gulonate = 1 hits
2-oxoglutarate = 3 hits
dTDP-4-dehydro-beta-L-rhamnose = 4 hits
2-(glutathione-S-yl)-2-methylbut-3-enal = 1 hits
3-dehydroshikimate = 3 hits
2-dehydro-3-deoxy-L-rhamnonate = 1 hits
L-rhamnofuranose = 1 hits
CoA = 1 hits
H+ (6E)-8-hydroxygeranial = 1 hits
an aldono-1,5-lactone = 1 hits
D-aldose = 1 hits
(1S,4S)-4-hydroxy-3-oxocyclohexane-1-carboxylate = 1 hits
UDP-2-acetamido-3-dehydro-2-deoxy-alpha-D-glucopyranose = 1 hits
3-dehydroquinate = 2 hits
D-glucitol = 1 hits
6-pyruvoyltetrahydropterin = 1 hits
GDP-4-dehydro-alpha-D-rhamnose = 3 hits
an aldehyde = 2 hits
3-(4-hydroxyphenyl)pyruvate = 2 hits
6-oxocyclohex-1-ene-1-carbonyl-CoA = 1 hits
H+ beta-D-glucuronate = 1 hits
a very-long-chain (3R)-3-hydroxyacyl-CoA = 1 hits
4-hydroxy-L-proline = 1 hits
1-deoxy-D-xylulose 5-phosphate = 1 hits
5-dehydro-D-gluconate = 2 hits
(4R,5S)-4,5,6-trihydroxy-2,3-dioxohexanoate = 1 hits
malonate semialdehyde = 1 hits
(-)-trans-carveol = 1 hits
L-arabinose = 1 hits
5-dehydro-D-fructose = 2 hits
D-threo-aldono-1,5-lactone = 1 hits
2,5-diamino-6-(5-phospho-D-ribosylamino)pyrimidin-4(3H)-one = 1 hits
L-erythro-tetrahydrobiopterin = 1 hits
phosphonoacetaldehyde = 1 hits
(+/-)-5-[(tert-butylamino)-2'-hydroxypropoxy]-3 	4-dihydro-1(2H)-naphthalenone = 1 hits
(1'S)-averantin = 1 hits
2-butyne-1,4-diol = 1 hits
phenylglyoxylate = 1 hits
salutaridine = 1 hits
(1'S,5'S)-hydroxyaverantin = 1 hits
17beta-hydroxy-5alpha-androstan-3-one = 1 hits
H+ (1R,2R,4S)-menth-8-ene-1,2-diol = 1 hits
UDP-alpha-D-glucuronate = 1 hits
ethyl (S)-3-hydroxyhexanoate = 1 hits
hexadecanal = 1 hits
all-trans-retinal-[cellular-retinol-binding-protein] = 1 hits
N-acetyl-D-glucosaminate = 1 hits
dTDP-4-dehydro-6-deoxy-alpha-D-gulose = 1 hits
2-hydroxy-3-oxopropane-1-sulfonate = 1 hits
cinnamyl alcohol = 1 hits
(-)-trans-isopiperitenol = 1 hits
(S)-lactaldehyde = 1 hits
(2S)-3-sulfolactate = 1 hits
sulcatone = 1 hits
11-cis-retinal-[retinol-binding-protein] = 1 hits
3,4-dihydroxy-2-methyl-4-[(2E,6E)-farnesyl]-3,4-dihydroquinoline 1-oxide = 1 hits
6-phospho-D-gluconate = 2 hits
an 11-oxosteroid = 1 hits
S-formylmycothiol = 1 hits
diacetyl = 2 hits
2-oxocarboxylate = 4 hits
(4S)-4,6-dihydroxy-2,5-dioxohexanoate = 1 hits
L-xylono-1,4-lactone = 1 hits
acetoacetate = 1 hits
L-galactonate = 1 hits
2-deoxy-scyllo-inosamine = 1 hits
ecgonone methyl ester = 1 hits
3-methylbutanol = 1 hits
(2S,3R)-2-hydroxy-3-(indol-3-yl)butanoate = 1 hits
5beta-androstane-3,17-dione = 1 hits
isoeugenol = 1 hits
4-phosphonooxy-L-threonine = 1 hits
coniferyl aldehyde = 1 hits
raucaffrinoline = 1 hits
5alpha-androstan-3beta,17beta-diol = 1 hits
D-arabitol 1-phosphate = 1 hits
D-ribulose = 2 hits
scytalone = 1 hits
1'-hydroxyversicolorone = 1 hits
a (3R)-3-hydroxyacyl-[acyl-carrier protein] = 2 hits
GDP-4-dehydro-6-deoxy-alpha-D-mannose = 1 hits
H+ (1'S,5'R)-hydroxyaverantin = 1 hits
H+ 3-devinyl-3-(1-hydroxyethyl)chlorophyllide a = 1 hits
L-allo-threonine = 1 hits
(S)-lactate = 1 hits
3-methylbutanal = 1 hits
D-galactopyranose = 1 hits
UDP-2-acetamido-2,6-beta-L-arabino-hexul-4-ose = 1 hits
(6S)-6-hydroxy-3-oxo-alpha-ionone = 1 hits
trans-4-hydroxycyclohexanecarboxylate = 1 hits
(-)-menthol = 1 hits
(+)-thujan-3-one = 1 hits
a 3beta-hydroxysteroid-4alpha-carboxylate = 1 hits
D-erythrulose 1-phosphate = 1 hits
(S)-acetoin = 1 hits
D-glucopyranose = 1 hits
3-dehydro-D-glucose 6-phosphate = 1 hits
D-fructose = 2 hits
D-gluconate = 1 hits
(R,R)-butane-2,3-diol = 1 hits
(-)-secoisolariciresinol = 1 hits
4-phospho-D-erythronate = 2 hits
D-xylonolactone = 1 hits
4-hydroxy-2-methyl-3-oxo-4-[(2E,6E)-farnesyl]-3,4-dihydroquinoline 1-oxide = 1 hits
GDP-beta-L-fucose = 1 hits
cyclohexanone = 1 hits
H+ glycerol = 1 hits
D-glucuronate = 1 hits
3''-deamino-3''-oxonicotianamine = 1 hits
H+ L-threo-tetrahydrobiopterin = 1 hits
2-methylacetoacetyl-CoA = 1 hits
(-)-carvone = 1 hits
coniferyl ester = 1 hits
sulcatol = 1 hits
abscisic aldehyde = 1 hits
aminoacetone = 2 hits
6-endo-hydroxycineole = 1 hits
5alpha-pregnan-3,20-dione = 1 hits
zerumbone = 1 hits
trans-cyclohexane-1,2-diol = 1 hits
7alpha-hydroxycholest-4-en-3-one = 1 hits
(R)-pantolactone = 3 hits
H+ aurachin B = 1 hits
galactitol-1-phosphate = 1 hits
long-chain carboxylate = 1 hits
trans,octacis-decaprenylphospho-beta-D-erythro-pentofuranosid-2-ulose = 1 hits
oxaloacetate = 2 hits
17alpha-hydroxyprogesterone = 1 hits
acetophenone = 1 hits
(+)-borneol = 1 hits
2-deoxy-D-gluconate = 1 hits
pyruvate = 5 hits
D-galactose = 1 hits
D-iditol = 1 hits
carboxylate = 1 hits
2-oxoadipate = 2 hits
NAD(P)+ = 54 hits
6-oxohexanoate = 1 hits
2-hydroxy-2-methylpropanal = 1 hits
(S)-2-hydroxymethylglutarate = 1 hits
H+ (6E)-8-oxogeraniol = 1 hits
3alpha-hydroxy-5beta-androstane-17-one = 1 hits
ethyl (R)-3-hydroxyhexanoate = 1 hits
(6E)-8-hydroxygeraniol = 1 hits
L-rhamnose = 2 hits
(E)-2,2',5,5'-tetrahydroxy-6H,6'H-[3,3'-bipyridinylidene]-6,6'-dione = 1 hits
sn-glycerol 1-phosphate = 1 hits
D-ribose = 1 hits
L-gulono-1,4-lactone = 1 hits
(+)-cis-sabinol = 1 hits
D-mannose 6-phosphate = 1 hits
2-oxopropanal = 1 hits
chlorophyllide b = 1 hits
(13E)-11alpha-hydroxy-9,15-dioxoprost-13-enoate = 1 hits
fluoren-9-ol = 1 hits
3alpha,7alpha,12beta-trihydroxy-5beta-cholan-24-oate = 1 hits
D-mannitol 1-phosphate = 2 hits
3-oxo-5beta-cholan-24-oate = 3 hits
R-CO-R' = 1 hits
H+ germacra-1(10),4,11(13)-trien-12-ol = 1 hits
71-hydroxychlorophyllide a = 1 hits
sepiapterin = 2 hits
3-acetyl-3-devinylchlorophyllide a = 1 hits
L-tagatose = 1 hits
(1R,4S)-1-hydroxymenth-8-en-2-one = 1 hits
L-aspartate 4-semialdehyde = 1 hits
cholate = 2 hits
cyclohexanol = 1 hits
a 3alpha-hydroxysteroid = 2 hits
H+ 3-dehydro-4-phospho-D-erythronate = 1 hits
dTDP-D-galactose = 1 hits
2-oxopropyl-CoM = 2 hits
D-galacturonate = 1 hits
(indol-3-yl)acetaldehyde = 2 hits
dTDP-beta-L-rhamnose = 1 hits
D-ribitol 5-phosphate = 2 hits
D-mannitol = 2 hits
(-)-menthone = 2 hits
3-dehydrosphinganine = 1 hits
benzil = 2 hits
trans,octacis-decaprenylphospho-beta-D-arabinofuranose = 1 hits
2-hydroxycarbonyl compound = 1 hits
(2E,6E)-farnesol = 2 hits
3-oxo bile acid CoA 	ester = 1 hits
H2O = 16 hits
acetate = 1 hits
6-hydroxycyclohex-1-ene-1-carbonyl-CoA = 1 hits
chlordecone = 1 hits
lithocholate = 1 hits
L-arabinono-1,4-lactone = 1 hits
3-hydroxypropanal = 1 hits
xanthoxin = 1 hits
dTDP-alpha-D-fucopyranose = 1 hits
coniferyl alcohol = 1 hits
4-pyridoxolactone = 1 hits
glyoxylate = 1 hits
3-dehydrocarnitine = 2 hits
a 3beta-hydroxy-DELTA5-steroid = 1 hits
L-sorbose = 3 hits
estradiol-17alpha = 1 hits
2-methyl-3-oxopropanoate = 1 hits
(indol-3-yl)pyruvate = 1 hits
2-hydroxyadipate = 1 hits
(R)-4-dehydropantoate = 1 hits
(2S)-2-hydroxy-2-methyl-3-oxobutanoate = 2 hits
kanamycin A = 1 hits
(S)-3-hydroxybutanoyl-CoA = 1 hits
D-arabinitol = 3 hits
L-ribulose = 1 hits
perillyl aldehyde = 1 hits
(2R)-2,3-dihydroxy-3-methylbutanoate = 2 hits
6-pyruvoyl-5,6,7,8-tetrahydropterin = 2 hits
D-mannonate = 1 hits
6-oxocineole = 1 hits
2-hydroxycyclohexan-1-one = 1 hits
4-(hydroxymethyl)benzenesulfonate = 1 hits
L-histidinol = 1 hits
glycerol = 2 hits
1-hydroxymenth-8-en-2-one = 1 hits
2-aminomalonate semialdehyde = 3 hits
D-glyceraldehyde = 1 hits
L-2-amino-3-oxobutanoate = 2 hits
3alpha-hydroxyglycyrrhetinate = 1 hits
2'-deoxymugineic acid = 1 hits
palmitoylglycerone phosphate = 1 hits
indanone = 1 hits
R-CHOH-R' = 1 hits
(5Z,13E)-6,9alpha-epoxy-11alpha-hydroxy-15-oxoprosta-5,13-dienoate = 1 hits
(+)-trans-carveol = 1 hits
benzyl (2R,3S)-2-methyl-3-hydroxybutanoate = 1 hits
aklaviketone = 1 hits
isethionate = 1 hits
D-glucaro-1,5-lactone = 1 hits
menth-8-en-2-ol = 1 hits
a (2S)-2-hydroxycarboxylate = 2 hits
(+)-sabinone = 1 hits
3-oxopimeloyl-CoA = 1 hits
2-dehydro-3-deoxy-D-gluconate = 2 hits
cyclopentanone = 1 hits
L-rhamnono-1,4-lactone = 2 hits
3beta-hydroxy-5alpha-pregnane-20-one = 1 hits
4-phospho-D-threonate = 1 hits
(S)-ureidoglycolate = 2 hits
GDP-D-mannose = 1 hits
versiconal = 1 hits
UDP-glucuronate = 1 hits
7-oxosteroid = 1 hits
2-hydroxyethylphosphonate = 1 hits
3beta-hydroxy-9beta-pimara-7,15-diene-19,6beta-olide = 1 hits
an L-glycol = 1 hits
hydroxymalonate = 1 hits
(1S,4R)-1-hydroxymenth-8-en-2-one = 1 hits
glycerone = 1 hits
very-long-chain 	3-oxoacyl-CoA = 1 hits
D-ribonate = 1 hits
2,3,5,6-tetrachloro-1,4-benzoquinone = 1 hits
3-(imidazol-5-yl)pyruvate = 1 hits
L-xylose = 1 hits
2,4,6/3,5-pentahydroxycyclohexanone = 3 hits
XMP = 1 hits
versiconal hemiacetal acetate = 1 hits
